// Jest Snapshot v1, https://goo.gl/fbAQLP

exports[`Interviewbit - ValidNumber validNumber Correctness Tests should return correctly for Extreme 1 input 1`] = `0`;

exports[`Interviewbit - ValidNumber validNumber Correctness Tests should return correctly for Extreme 2 input 1`] = `0`;

exports[`Interviewbit - ValidNumber validNumber Correctness Tests should return correctly for Sample 1 input 1`] = `0`;

exports[`Interviewbit - ValidNumber validNumber Correctness Tests should return correctly for Sample 2 input 1`] = `1`;

exports[`Interviewbit - ValidNumber validNumber Correctness Tests should return correctly for Sample 3 input 1`] = `1`;

exports[`Interviewbit - ValidNumber validNumber Example Tests should return correctly for Example 1 input 1`] = `1`;

exports[`Interviewbit - ValidNumber validNumber Example Tests should return correctly for Example 2 input 1`] = `1`;

exports[`Interviewbit - ValidNumber validNumber Example Tests should return correctly for Example 3 input 1`] = `0`;

exports[`Interviewbit - ValidNumber validNumber Example Tests should return correctly for Example 4 input 1`] = `0`;

exports[`Interviewbit - ValidNumber validNumber Example Tests should return correctly for Example 5 input 1`] = `1`;
