// Jest Snapshot v1, https://goo.gl/fbAQLP

exports[`Interviewbit - JustifiedText justifiedText Correctness Tests should return correctly for Example 1 input 1`] = `
Array [
  "ab",
  "cd",
]
`;

exports[`Interviewbit - JustifiedText justifiedText Correctness Tests should return correctly for Example 2 input 1`] = `
Array [
  "What must be",
  "shall be.   ",
]
`;

exports[`Interviewbit - JustifiedText justifiedText Correctness Tests should return correctly for Extreme 1 input 1`] = `Array []`;

exports[`Interviewbit - JustifiedText justifiedText Example Tests should return correctly for Example 1 input 1`] = `
Array [
  "This    is    an",
  "example  of text",
  "justification.  ",
]
`;

exports[`Interviewbit - JustifiedText justifiedText Example Tests should return correctly for Example 2 input 1`] = `
Array [
  "am    fasgoprn",
  "lvqsrjylg     ",
  "rzuslwan xlaui",
  "tnzegzuzn     ",
  "kuiwdc        ",
  "fofjkkkm      ",
  "ssqjig        ",
  "tcmejefj      ",
  "uixgzm        ",
  "lyuxeaxsg     ",
  "iqiyip     msv",
  "uurcazjc      ",
  "earsrvrq   qlq",
  "lxrtzkjpg     ",
  "jkxymjus      ",
  "mvornwza zty q",
  "nsecqphjy     ",
]
`;
